[assembly: System.Runtime.CompilerServices.InternalsVisibleToAttribute("NServiceBus.Storage.MongoDB.Tests")]
namespace NServiceBus
{
    public class MongoDBPersistence : NServiceBus.Persistence.PersistenceDefinition
    {
        public MongoDBPersistence() { }
    }
    public class static MongoDBSettingsExtensions
    {
        public static NServiceBus.PersistenceExtensions<NServiceBus.MongoDBPersistence> ConnectionString(this NServiceBus.PersistenceExtensions<NServiceBus.MongoDBPersistence> persistenceExtensions, string connectionString) { }
        public static NServiceBus.PersistenceExtensions<NServiceBus.MongoDBPersistence> VersionFieldName(this NServiceBus.PersistenceExtensions<NServiceBus.MongoDBPersistence> persistenceExtensions, string versionFieldnName) { }
    }
}